0 warn deprecated --cd-version has been replaced by positional [bump]
1 silly argv {
1 silly argv   _: [ 'version' ],
1 silly argv   'conventional-commits': true,
1 silly argv   conventionalCommits: true,
1 silly argv   'conventional-prerelease': true,
1 silly argv   conventionalPrerelease: true,
1 silly argv   preid: 'dew',
1 silly argv   'create-release': 'github',
1 silly argv   createRelease: 'github',
1 silly argv   lernaVersion: '4.0.0',
1 silly argv   '$0': '/Users/rsiddhi/Desktop/Work/crayons/node_modules/.bin/lerna',
1 silly argv   bump: 'prerelease'
1 silly argv }
2 notice cli v4.0.0
3 verbose rootPath /Users/rsiddhi/Desktop/Work/crayons
4 silly createGitHubClient
5 error Error: A GH_TOKEN environment variable is required.
5 error     at createGitHubClient (/Users/rsiddhi/Desktop/Work/crayons/node_modules/@lerna/github-client/lib/github-client.js:17:11)
5 error     at createReleaseClient (/Users/rsiddhi/Desktop/Work/crayons/node_modules/@lerna/version/lib/create-release.js:20:14)
5 error     at VersionCommand.configureProperties (/Users/rsiddhi/Desktop/Work/crayons/node_modules/@lerna/version/index.js:80:58)
5 error     at /Users/rsiddhi/Desktop/Work/crayons/node_modules/@lerna/command/index.js:50:37
